../Drivers/CMSIS/Include/core_cm0.h:730:22:__NVIC_SetPriority	2
../Drivers/STM32F0xx_HAL_Driver/Inc/stm32f0xx_ll_i2c.h:429:22:LL_I2C_Enable	1
../Drivers/STM32F0xx_HAL_Driver/Inc/stm32f0xx_ll_i2c.h:644:22:LL_I2C_EnableClockStretching	1
../Drivers/STM32F0xx_HAL_Driver/Inc/stm32f0xx_ll_i2c.h:766:22:LL_I2C_DisableGeneralCall	1
../Drivers/STM32F0xx_HAL_Driver/Inc/stm32f0xx_ll_i2c.h:877:22:LL_I2C_SetOwnAddress2	1
../Drivers/STM32F0xx_HAL_Driver/Inc/stm32f0xx_ll_i2c.h:899:22:LL_I2C_DisableOwnAddress2	1
../Drivers/STM32F0xx_HAL_Driver/Inc/stm32f0xx_ll_i2c.h:1881:22:LL_I2C_EnableAutoEndMode	1
../Drivers/STM32F0xx_HAL_Driver/Inc/stm32f0xx_ll_i2c.h:2081:22:LL_I2C_SetSlaveAddr	1
../Drivers/STM32F0xx_HAL_Driver/Inc/stm32f0xx_ll_i2c.h:2232:22:LL_I2C_TransmitData8	1
../Drivers/STM32F0xx_HAL_Driver/Inc/stm32f0xx_ll_rcc.h:708:22:LL_RCC_HSE_Enable	1
../Drivers/STM32F0xx_HAL_Driver/Inc/stm32f0xx_ll_rcc.h:728:26:LL_RCC_HSE_IsReady	1
../Drivers/STM32F0xx_HAL_Driver/Inc/stm32f0xx_ll_rcc.h:746:22:LL_RCC_HSI_Enable	1
../Drivers/STM32F0xx_HAL_Driver/Inc/stm32f0xx_ll_rcc.h:766:26:LL_RCC_HSI_IsReady	1
../Drivers/STM32F0xx_HAL_Driver/Inc/stm32f0xx_ll_rcc.h:792:22:LL_RCC_HSI_SetCalibTrimming	1
../Drivers/STM32F0xx_HAL_Driver/Inc/stm32f0xx_ll_rcc.h:1098:22:LL_RCC_SetSysClkSource	1
../Drivers/STM32F0xx_HAL_Driver/Inc/stm32f0xx_ll_rcc.h:1114:26:LL_RCC_GetSysClkSource	1
../Drivers/STM32F0xx_HAL_Driver/Inc/stm32f0xx_ll_rcc.h:1134:22:LL_RCC_SetAHBPrescaler	1
../Drivers/STM32F0xx_HAL_Driver/Inc/stm32f0xx_ll_rcc.h:1150:22:LL_RCC_SetAPB1Prescaler	1
../Drivers/STM32F0xx_HAL_Driver/Inc/stm32f0xx_ll_rcc.h:1284:22:LL_RCC_SetI2CClockSource	1
../Drivers/STM32F0xx_HAL_Driver/Inc/stm32f0xx_ll_bus.h:225:22:LL_AHB1_GRP1_EnableClock	1
../Drivers/STM32F0xx_HAL_Driver/Inc/stm32f0xx_ll_bus.h:413:22:LL_APB1_GRP1_EnableClock	1
../Drivers/STM32F0xx_HAL_Driver/Inc/stm32f0xx_ll_bus.h:663:22:LL_APB1_GRP2_EnableClock	1
../Drivers/STM32F0xx_HAL_Driver/Inc/stm32f0xx_ll_system.h:1778:22:LL_FLASH_SetLatency	1
../Drivers/STM32F0xx_HAL_Driver/Inc/stm32f0xx_ll_system.h:1790:26:LL_FLASH_GetLatency	1
../Drivers/STM32F0xx_HAL_Driver/Inc/stm32f0xx_ll_tim.h:1073:22:LL_TIM_EnableCounter	1
../Drivers/STM32F0xx_HAL_Driver/Inc/stm32f0xx_ll_tim.h:1264:22:LL_TIM_DisableARRPreload	1
../Drivers/STM32F0xx_HAL_Driver/Inc/stm32f0xx_ll_tim.h:2640:22:LL_TIM_SetClockSource	1
../Drivers/STM32F0xx_HAL_Driver/Inc/stm32f0xx_ll_tim.h:2686:22:LL_TIM_SetTriggerOutput	1
../Drivers/STM32F0xx_HAL_Driver/Inc/stm32f0xx_ll_tim.h:2752:22:LL_TIM_DisableMasterSlaveMode	1
../Drivers/STM32F0xx_HAL_Driver/Inc/stm32f0xx_ll_gpio.h:838:22:LL_GPIO_SetOutputPin	1
../Drivers/STM32F0xx_HAL_Driver/Inc/stm32f0xx_ll_gpio.h:867:22:LL_GPIO_ResetOutputPin	1
../Core/Src/main.c:66:5:main	2
../Core/Src/main.c:163:6:SystemClock_Config	5
../Core/Src/main.c:203:13:MX_I2C1_Init	1
../Core/Src/main.c:268:13:MX_TIM1_Init	1
../Core/Src/main.c:304:13:MX_GPIO_Init	1
../Core/Src/main.c:337:6:Error_Handler	1
